Depth  Name                                                                                         #Inst  Area (um^2)
----------------------------------------------------------------------------------------------------------------------
0      system_top                                                                                   1463   18167.0713 
1      U_UART_receiver_data_synchronizer                                                            22     465.9732   
1      U_busy_bit_synchronizer                                                                      2      65.8952    
1      U_reset_multiplexer                                                                          1      11.767     
1      U_UART_transmitter_clock_multiplexer                                                         1      14.1204    
1      U_reference_reset_multiplexer                                                                1      16.4738    
1      U_clock_divider                                                                              50     551.8723   
1      U_UART_reset_multiplexer                                                                     1      15.2971    
1      U_reference_clock_multiplexer                                                                1      14.1204    
1      U_ALU                                                                                        493    4686.7961  
1      U_register_file                                                                              423    6525.9782  
1      U_UART_transmitter_data_synchronizer                                                         23     482.447    
1      U_UART                                                                                       251    2615.8041  
1      U_UART_clock_multiplexer                                                                     1      16.4738    
1      U_reference_reset_synchronizer                                                               4      74.1321    
1      U_UART_reset_synchronizer                                                                    3      69.4253    
1      U_clock_gating_cell                                                                          1      57.6583    
1      U_Q_pulse_generator_bit_synchronizer                                                         2      51.7748    
1      U_system_controller                                                                          147    1767.4034  
2      U_UART/U_UART_transmitter                                                                    54     610.7073   
2      U_UART_transmitter_data_synchronizer/U_bus_synchronizer                                      3      75.3088    
2      U_system_controller/U_UART_receiver_controller                                               70     649.5384   
2      U_UART/U_UART_receiver                                                                       197    2005.0968  
2      {U_busy_bit_synchronizer/register_instance[1].U_register}                                    1      32.9476    
2      {U_Q_pulse_generator_bit_synchronizer/register_instance[1].U_register}                       1      25.8874    
2      U_Q_pulse_generator_bit_synchronizer/U0_register                                             1      25.8874    
2      U_system_controller/U_UART_transmitter_controller                                            77     1117.865   
2      U_UART_receiver_data_synchronizer/U_bus_synchronizer                                         2      58.835     
2      U_busy_bit_synchronizer/U0_register                                                          1      32.9476    
3      U_UART/U_UART_receiver/U_UART_receiver_FSM                                                   72     626.0044   
3      U_UART/U_UART_receiver/U_parity_bit_checker                                                  9      143.5574   
3      {U_UART_transmitter_data_synchronizer/U_bus_synchronizer/register_instance[1].U_register}    2      42.3612    
3      U_UART/U_UART_receiver/U_deserializer                                                        34     405.9615   
3      U_UART/U_UART_transmitter/U_serializer                                                       11     100.0195   
3      U_UART_receiver_data_synchronizer/U_bus_synchronizer/U0_register                             1      32.9476    
3      U_UART/U_UART_receiver/U_start_bit_checker                                                   2      38.8311    
3      U_UART/U_UART_transmitter/U_output_multiplexer                                               3      16.4738    
3      U_UART_transmitter_data_synchronizer/U_bus_synchronizer/U0_register                          1      32.9476    
3      U_UART/U_UART_receiver/U_data_sampler                                                        51     451.8528   
3      U_UART/U_UART_transmitter/U_UART_transmitter_FSM                                             31     362.4236   
3      U_UART/U_UART_receiver/U_stop_bit_checker                                                    2      38.8311    
3      U_UART/U_UART_receiver/U_edge_counter                                                        26     280.0546   
3      U_UART/U_UART_transmitter/U_parity_calculator                                                9      131.7904   
3      {U_UART_receiver_data_synchronizer/U_bus_synchronizer/register_instance[1].U_register}       1      25.8874    
