**************************************************
Report         : passing_points

Reference      : reference:/WORK/system_top
Implementation : implementation:/WORK/system_top
Version        : L-2016.03-SP1
Date           : Sun Apr  9 05:30:19 2023
**************************************************

264 Passing compare points:

  Ref  LAT        reference:/WORK/system_top/U_clock_gating_cell/U_ICG_cell
  Impl LAT        implementation:/WORK/system_top/U_clock_gating_cell/U_ICG_cell

  Ref  DFF        reference:/WORK/system_top/U_ALU/ALU_result_reg[0]
  Impl DFF        implementation:/WORK/system_top/U_ALU/ALU_result_reg[0]

  Ref  DFF        reference:/WORK/system_top/U_ALU/ALU_result_reg[10]
  Impl DFF        implementation:/WORK/system_top/U_ALU/ALU_result_reg[10]

  Ref  DFF        reference:/WORK/system_top/U_ALU/ALU_result_reg[11]
  Impl DFF        implementation:/WORK/system_top/U_ALU/ALU_result_reg[11]

  Ref  DFF        reference:/WORK/system_top/U_ALU/ALU_result_reg[12]
  Impl DFF        implementation:/WORK/system_top/U_ALU/ALU_result_reg[12]

  Ref  DFF        reference:/WORK/system_top/U_ALU/ALU_result_reg[13]
  Impl DFF        implementation:/WORK/system_top/U_ALU/ALU_result_reg[13]

  Ref  DFF        reference:/WORK/system_top/U_ALU/ALU_result_reg[14]
  Impl DFF        implementation:/WORK/system_top/U_ALU/ALU_result_reg[14]

  Ref  DFF        reference:/WORK/system_top/U_ALU/ALU_result_reg[15]
  Impl DFF        implementation:/WORK/system_top/U_ALU/ALU_result_reg[15]

  Ref  DFF        reference:/WORK/system_top/U_ALU/ALU_result_reg[1]
  Impl DFF        implementation:/WORK/system_top/U_ALU/ALU_result_reg[1]

  Ref  DFF        reference:/WORK/system_top/U_ALU/ALU_result_reg[2]
  Impl DFF        implementation:/WORK/system_top/U_ALU/ALU_result_reg[2]

  Ref  DFF        reference:/WORK/system_top/U_ALU/ALU_result_reg[3]
  Impl DFF        implementation:/WORK/system_top/U_ALU/ALU_result_reg[3]

  Ref  DFF        reference:/WORK/system_top/U_ALU/ALU_result_reg[4]
  Impl DFF        implementation:/WORK/system_top/U_ALU/ALU_result_reg[4]

  Ref  DFF        reference:/WORK/system_top/U_ALU/ALU_result_reg[5]
  Impl DFF        implementation:/WORK/system_top/U_ALU/ALU_result_reg[5]

  Ref  DFF        reference:/WORK/system_top/U_ALU/ALU_result_reg[6]
  Impl DFF        implementation:/WORK/system_top/U_ALU/ALU_result_reg[6]

  Ref  DFF        reference:/WORK/system_top/U_ALU/ALU_result_reg[7]
  Impl DFF        implementation:/WORK/system_top/U_ALU/ALU_result_reg[7]

  Ref  DFF        reference:/WORK/system_top/U_ALU/ALU_result_reg[8]
  Impl DFF        implementation:/WORK/system_top/U_ALU/ALU_result_reg[8]

  Ref  DFF        reference:/WORK/system_top/U_ALU/ALU_result_reg[9]
  Impl DFF        implementation:/WORK/system_top/U_ALU/ALU_result_reg[9]

  Ref  DFF        reference:/WORK/system_top/U_ALU/ALU_result_valid_reg
  Impl DFF        implementation:/WORK/system_top/U_ALU/ALU_result_valid_reg

  Ref  DFF        reference:/WORK/system_top/U_Q_pulse_generator_bit_synchronizer/U0_register/Q_reg[0]
  Impl DFF        implementation:/WORK/system_top/U_Q_pulse_generator_bit_synchronizer/U0_register/Q_reg[0]

  Ref  DFF        reference:/WORK/system_top/U_Q_pulse_generator_bit_synchronizer/register_instance[1].U_register/Q_reg[0]
  Impl DFF        implementation:/WORK/system_top/U_Q_pulse_generator_bit_synchronizer/register_instance[1].U_register/Q_reg[0]

  Ref  DFF        reference:/WORK/system_top/U_UART/U_UART_receiver/U_UART_receiver_FSM/current_state_reg[0]
  Impl DFF        implementation:/WORK/system_top/U_UART/U_UART_receiver/U_UART_receiver_FSM/current_state_reg[0]

  Ref  DFF        reference:/WORK/system_top/U_UART/U_UART_receiver/U_UART_receiver_FSM/current_state_reg[1]
  Impl DFF        implementation:/WORK/system_top/U_UART/U_UART_receiver/U_UART_receiver_FSM/current_state_reg[1]

  Ref  DFF        reference:/WORK/system_top/U_UART/U_UART_receiver/U_UART_receiver_FSM/current_state_reg[2]
  Impl DFF        implementation:/WORK/system_top/U_UART/U_UART_receiver/U_UART_receiver_FSM/current_state_reg[2]

  Ref  DFF        reference:/WORK/system_top/U_UART/U_UART_receiver/U_UART_receiver_FSM/data_transmission_state_reg[0]
  Impl DFF        implementation:/WORK/system_top/U_UART/U_UART_receiver/U_UART_receiver_FSM/data_transmission_state_reg[0]

  Ref  DFF        reference:/WORK/system_top/U_UART/U_UART_receiver/U_UART_receiver_FSM/data_transmission_state_reg[1]
  Impl DFF        implementation:/WORK/system_top/U_UART/U_UART_receiver/U_UART_receiver_FSM/data_transmission_state_reg[1]

  Ref  DFF        reference:/WORK/system_top/U_UART/U_UART_receiver/U_UART_receiver_FSM/data_transmission_state_reg[2]
  Impl DFF        implementation:/WORK/system_top/U_UART/U_UART_receiver/U_UART_receiver_FSM/data_transmission_state_reg[2]

  Ref  DFF        reference:/WORK/system_top/U_UART/U_UART_receiver/U_UART_receiver_FSM/data_transmission_state_reg[3]
  Impl DFF        implementation:/WORK/system_top/U_UART/U_UART_receiver/U_UART_receiver_FSM/data_transmission_state_reg[3]

  Ref  DFF        reference:/WORK/system_top/U_UART/U_UART_receiver/U_data_sampler/sample_enable_reg
  Impl DFF        implementation:/WORK/system_top/U_UART/U_UART_receiver/U_data_sampler/sample_enable_reg

  Ref  DFF        reference:/WORK/system_top/U_UART/U_UART_receiver/U_data_sampler/samples_reg[0]
  Impl DFF        implementation:/WORK/system_top/U_UART/U_UART_receiver/U_data_sampler/samples_reg[0]

  Ref  DFF        reference:/WORK/system_top/U_UART/U_UART_receiver/U_data_sampler/samples_reg[1]
  Impl DFF        implementation:/WORK/system_top/U_UART/U_UART_receiver/U_data_sampler/samples_reg[1]

  Ref  DFF        reference:/WORK/system_top/U_UART/U_UART_receiver/U_data_sampler/samples_reg[2]
  Impl DFF        implementation:/WORK/system_top/U_UART/U_UART_receiver/U_data_sampler/samples_reg[2]

  Ref  DFF        reference:/WORK/system_top/U_UART/U_UART_receiver/U_deserializer/parallel_data_reg[0]
  Impl DFF        implementation:/WORK/system_top/U_UART/U_UART_receiver/U_deserializer/parallel_data_reg[0]

  Ref  DFF        reference:/WORK/system_top/U_UART/U_UART_receiver/U_deserializer/parallel_data_reg[1]
  Impl DFF        implementation:/WORK/system_top/U_UART/U_UART_receiver/U_deserializer/parallel_data_reg[1]

  Ref  DFF        reference:/WORK/system_top/U_UART/U_UART_receiver/U_deserializer/parallel_data_reg[2]
  Impl DFF        implementation:/WORK/system_top/U_UART/U_UART_receiver/U_deserializer/parallel_data_reg[2]

  Ref  DFF        reference:/WORK/system_top/U_UART/U_UART_receiver/U_deserializer/parallel_data_reg[3]
  Impl DFF        implementation:/WORK/system_top/U_UART/U_UART_receiver/U_deserializer/parallel_data_reg[3]

  Ref  DFF        reference:/WORK/system_top/U_UART/U_UART_receiver/U_deserializer/parallel_data_reg[4]
  Impl DFF        implementation:/WORK/system_top/U_UART/U_UART_receiver/U_deserializer/parallel_data_reg[4]

  Ref  DFF        reference:/WORK/system_top/U_UART/U_UART_receiver/U_deserializer/parallel_data_reg[5]
  Impl DFF        implementation:/WORK/system_top/U_UART/U_UART_receiver/U_deserializer/parallel_data_reg[5]

  Ref  DFF        reference:/WORK/system_top/U_UART/U_UART_receiver/U_deserializer/parallel_data_reg[6]
  Impl DFF        implementation:/WORK/system_top/U_UART/U_UART_receiver/U_deserializer/parallel_data_reg[6]

  Ref  DFF        reference:/WORK/system_top/U_UART/U_UART_receiver/U_deserializer/parallel_data_reg[7]
  Impl DFF        implementation:/WORK/system_top/U_UART/U_UART_receiver/U_deserializer/parallel_data_reg[7]

  Ref  DFF        reference:/WORK/system_top/U_UART/U_UART_receiver/U_edge_counter/edge_count_reg[0]
  Impl DFF        implementation:/WORK/system_top/U_UART/U_UART_receiver/U_edge_counter/edge_count_reg[0]

  Ref  DFF        reference:/WORK/system_top/U_UART/U_UART_receiver/U_edge_counter/edge_count_reg[1]
  Impl DFF        implementation:/WORK/system_top/U_UART/U_UART_receiver/U_edge_counter/edge_count_reg[1]

  Ref  DFF        reference:/WORK/system_top/U_UART/U_UART_receiver/U_edge_counter/edge_count_reg[2]
  Impl DFF        implementation:/WORK/system_top/U_UART/U_UART_receiver/U_edge_counter/edge_count_reg[2]

  Ref  DFF        reference:/WORK/system_top/U_UART/U_UART_receiver/U_edge_counter/edge_count_reg[3]
  Impl DFF        implementation:/WORK/system_top/U_UART/U_UART_receiver/U_edge_counter/edge_count_reg[3]

  Ref  DFF        reference:/WORK/system_top/U_UART/U_UART_receiver/U_edge_counter/edge_count_reg[4]
  Impl DFF        implementation:/WORK/system_top/U_UART/U_UART_receiver/U_edge_counter/edge_count_reg[4]

  Ref  DFF        reference:/WORK/system_top/U_UART/U_UART_receiver/U_parity_bit_checker/parity_bit_error_reg
  Impl DFF        implementation:/WORK/system_top/U_UART/U_UART_receiver/U_parity_bit_checker/parity_bit_error_reg

  Ref  DFF        reference:/WORK/system_top/U_UART/U_UART_receiver/U_start_bit_checker/start_bit_error_reg
  Impl DFF        implementation:/WORK/system_top/U_UART/U_UART_receiver/U_start_bit_checker/start_bit_error_reg

  Ref  DFF        reference:/WORK/system_top/U_UART/U_UART_receiver/U_stop_bit_checker/stop_bit_error_reg
  Impl DFF        implementation:/WORK/system_top/U_UART/U_UART_receiver/U_stop_bit_checker/stop_bit_error_reg

  Ref  DFF        reference:/WORK/system_top/U_UART/U_UART_transmitter/U_UART_transmitter_FSM/current_state_reg[0]
  Impl DFF        implementation:/WORK/system_top/U_UART/U_UART_transmitter/U_UART_transmitter_FSM/current_state_reg[0]

  Ref  DFF        reference:/WORK/system_top/U_UART/U_UART_transmitter/U_UART_transmitter_FSM/current_state_reg[1]
  Impl DFF        implementation:/WORK/system_top/U_UART/U_UART_transmitter/U_UART_transmitter_FSM/current_state_reg[1]

  Ref  DFF        reference:/WORK/system_top/U_UART/U_UART_transmitter/U_UART_transmitter_FSM/current_state_reg[2]
  Impl DFF        implementation:/WORK/system_top/U_UART/U_UART_transmitter/U_UART_transmitter_FSM/current_state_reg[2]

  Ref  DFF        reference:/WORK/system_top/U_UART/U_UART_transmitter/U_UART_transmitter_FSM/serial_data_transmission_state_reg[0]
  Impl DFF        implementation:/WORK/system_top/U_UART/U_UART_transmitter/U_UART_transmitter_FSM/serial_data_transmission_state_reg[0]

  Ref  DFF        reference:/WORK/system_top/U_UART/U_UART_transmitter/U_UART_transmitter_FSM/serial_data_transmission_state_reg[1]
  Impl DFF        implementation:/WORK/system_top/U_UART/U_UART_transmitter/U_UART_transmitter_FSM/serial_data_transmission_state_reg[1]

  Ref  DFF        reference:/WORK/system_top/U_UART/U_UART_transmitter/U_UART_transmitter_FSM/serial_data_transmission_state_reg[2]
  Impl DFF        implementation:/WORK/system_top/U_UART/U_UART_transmitter/U_UART_transmitter_FSM/serial_data_transmission_state_reg[2]

  Ref  DFF        reference:/WORK/system_top/U_UART/U_UART_transmitter/U_UART_transmitter_FSM/serial_data_transmission_state_reg[3]
  Impl DFF        implementation:/WORK/system_top/U_UART/U_UART_transmitter/U_UART_transmitter_FSM/serial_data_transmission_state_reg[3]

  Ref  DFF        reference:/WORK/system_top/U_UART/U_UART_transmitter/U_parity_calculator/parity_bit_reg
  Impl DFF        implementation:/WORK/system_top/U_UART/U_UART_transmitter/U_parity_calculator/parity_bit_reg

  Ref  DFF        reference:/WORK/system_top/U_UART/U_UART_transmitter/U_serializer/serial_data_reg
  Impl DFF        implementation:/WORK/system_top/U_UART/U_UART_transmitter/U_serializer/serial_data_reg

  Ref  DFF        reference:/WORK/system_top/U_UART_receiver_data_synchronizer/Q_pulse_generator_reg
  Impl DFF        implementation:/WORK/system_top/U_UART_receiver_data_synchronizer/Q_pulse_generator_reg

  Ref  DFF        reference:/WORK/system_top/U_UART_receiver_data_synchronizer/U_bus_synchronizer/U0_register/Q_reg[0]
  Impl DFF        implementation:/WORK/system_top/U_UART_receiver_data_synchronizer/U_bus_synchronizer/U0_register/Q_reg[0]

  Ref  DFF        reference:/WORK/system_top/U_UART_receiver_data_synchronizer/U_bus_synchronizer/register_instance[1].U_register/Q_reg[0]
  Impl DFF        implementation:/WORK/system_top/U_UART_receiver_data_synchronizer/U_bus_synchronizer/register_instance[1].U_register/Q_reg[0]

  Ref  DFF        reference:/WORK/system_top/U_UART_receiver_data_synchronizer/synchronous_data_reg[0]
  Impl DFF        implementation:/WORK/system_top/U_UART_receiver_data_synchronizer/synchronous_data_reg[0]

  Ref  DFF        reference:/WORK/system_top/U_UART_receiver_data_synchronizer/synchronous_data_reg[1]
  Impl DFF        implementation:/WORK/system_top/U_UART_receiver_data_synchronizer/synchronous_data_reg[1]

  Ref  DFF        reference:/WORK/system_top/U_UART_receiver_data_synchronizer/synchronous_data_reg[2]
  Impl DFF        implementation:/WORK/system_top/U_UART_receiver_data_synchronizer/synchronous_data_reg[2]

  Ref  DFF        reference:/WORK/system_top/U_UART_receiver_data_synchronizer/synchronous_data_reg[3]
  Impl DFF        implementation:/WORK/system_top/U_UART_receiver_data_synchronizer/synchronous_data_reg[3]

  Ref  DFF        reference:/WORK/system_top/U_UART_receiver_data_synchronizer/synchronous_data_reg[4]
  Impl DFF        implementation:/WORK/system_top/U_UART_receiver_data_synchronizer/synchronous_data_reg[4]

  Ref  DFF        reference:/WORK/system_top/U_UART_receiver_data_synchronizer/synchronous_data_reg[5]
  Impl DFF        implementation:/WORK/system_top/U_UART_receiver_data_synchronizer/synchronous_data_reg[5]

  Ref  DFF        reference:/WORK/system_top/U_UART_receiver_data_synchronizer/synchronous_data_reg[6]
  Impl DFF        implementation:/WORK/system_top/U_UART_receiver_data_synchronizer/synchronous_data_reg[6]

  Ref  DFF        reference:/WORK/system_top/U_UART_receiver_data_synchronizer/synchronous_data_reg[7]
  Impl DFF        implementation:/WORK/system_top/U_UART_receiver_data_synchronizer/synchronous_data_reg[7]

  Ref  DFF        reference:/WORK/system_top/U_UART_receiver_data_synchronizer/synchronous_data_valid_reg
  Impl DFF        implementation:/WORK/system_top/U_UART_receiver_data_synchronizer/synchronous_data_valid_reg

  Ref  DFF        reference:/WORK/system_top/U_UART_reset_synchronizer/Q_reg[0]
  Impl DFF        implementation:/WORK/system_top/U_UART_reset_synchronizer/Q_reg[0]

  Ref  DFF        reference:/WORK/system_top/U_UART_reset_synchronizer/Q_reg[1]
  Impl DFF        implementation:/WORK/system_top/U_UART_reset_synchronizer/Q_reg[1]

  Ref  DFF        reference:/WORK/system_top/U_UART_transmitter_data_synchronizer/Q_pulse_generator_reg
  Impl DFF        implementation:/WORK/system_top/U_UART_transmitter_data_synchronizer/Q_pulse_generator_reg

  Ref  DFF        reference:/WORK/system_top/U_UART_transmitter_data_synchronizer/U_bus_synchronizer/U0_register/Q_reg[0]
  Impl DFF        implementation:/WORK/system_top/U_UART_transmitter_data_synchronizer/U_bus_synchronizer/U0_register/Q_reg[0]

  Ref  DFF        reference:/WORK/system_top/U_UART_transmitter_data_synchronizer/U_bus_synchronizer/register_instance[1].U_register/Q_reg[0]
  Impl DFF        implementation:/WORK/system_top/U_UART_transmitter_data_synchronizer/U_bus_synchronizer/register_instance[1].U_register/Q_reg[0]

  Ref  DFF        reference:/WORK/system_top/U_UART_transmitter_data_synchronizer/synchronous_data_reg[0]
  Impl DFF        implementation:/WORK/system_top/U_UART_transmitter_data_synchronizer/synchronous_data_reg[0]

  Ref  DFF        reference:/WORK/system_top/U_UART_transmitter_data_synchronizer/synchronous_data_reg[1]
  Impl DFF        implementation:/WORK/system_top/U_UART_transmitter_data_synchronizer/synchronous_data_reg[1]

  Ref  DFF        reference:/WORK/system_top/U_UART_transmitter_data_synchronizer/synchronous_data_reg[2]
  Impl DFF        implementation:/WORK/system_top/U_UART_transmitter_data_synchronizer/synchronous_data_reg[2]

  Ref  DFF        reference:/WORK/system_top/U_UART_transmitter_data_synchronizer/synchronous_data_reg[3]
  Impl DFF        implementation:/WORK/system_top/U_UART_transmitter_data_synchronizer/synchronous_data_reg[3]

  Ref  DFF        reference:/WORK/system_top/U_UART_transmitter_data_synchronizer/synchronous_data_reg[4]
  Impl DFF        implementation:/WORK/system_top/U_UART_transmitter_data_synchronizer/synchronous_data_reg[4]

  Ref  DFF        reference:/WORK/system_top/U_UART_transmitter_data_synchronizer/synchronous_data_reg[5]
  Impl DFF        implementation:/WORK/system_top/U_UART_transmitter_data_synchronizer/synchronous_data_reg[5]

  Ref  DFF        reference:/WORK/system_top/U_UART_transmitter_data_synchronizer/synchronous_data_reg[6]
  Impl DFF        implementation:/WORK/system_top/U_UART_transmitter_data_synchronizer/synchronous_data_reg[6]

  Ref  DFF        reference:/WORK/system_top/U_UART_transmitter_data_synchronizer/synchronous_data_reg[7]
  Impl DFF        implementation:/WORK/system_top/U_UART_transmitter_data_synchronizer/synchronous_data_reg[7]

  Ref  DFF        reference:/WORK/system_top/U_UART_transmitter_data_synchronizer/synchronous_data_valid_reg
  Impl DFF        implementation:/WORK/system_top/U_UART_transmitter_data_synchronizer/synchronous_data_valid_reg

  Ref  DFF        reference:/WORK/system_top/U_busy_bit_synchronizer/U0_register/Q_reg[0]
  Impl DFF        implementation:/WORK/system_top/U_busy_bit_synchronizer/U0_register/Q_reg[0]

  Ref  DFF        reference:/WORK/system_top/U_busy_bit_synchronizer/register_instance[1].U_register/Q_reg[0]
  Impl DFF        implementation:/WORK/system_top/U_busy_bit_synchronizer/register_instance[1].U_register/Q_reg[0]

  Ref  DFF        reference:/WORK/system_top/U_clock_divider/counter_reg[0]
  Impl DFF        implementation:/WORK/system_top/U_clock_divider/counter_reg[0]

  Ref  DFF        reference:/WORK/system_top/U_clock_divider/counter_reg[1]
  Impl DFF        implementation:/WORK/system_top/U_clock_divider/counter_reg[1]

  Ref  DFF        reference:/WORK/system_top/U_clock_divider/counter_reg[2]
  Impl DFF        implementation:/WORK/system_top/U_clock_divider/counter_reg[2]

  Ref  DFF        reference:/WORK/system_top/U_clock_divider/counter_reg[3]
  Impl DFF        implementation:/WORK/system_top/U_clock_divider/counter_reg[3]

  Ref  DFF        reference:/WORK/system_top/U_clock_divider/counter_reg[4]
  Impl DFF        implementation:/WORK/system_top/U_clock_divider/counter_reg[4]

  Ref  DFF        reference:/WORK/system_top/U_clock_divider/divided_clk_reg
  Impl DFF        implementation:/WORK/system_top/U_clock_divider/divided_clk_reg

  Ref  DFF        reference:/WORK/system_top/U_clock_divider/odd_toggle_reg
  Impl DFF        implementation:/WORK/system_top/U_clock_divider/odd_toggle_reg

  Ref  DFF        reference:/WORK/system_top/U_reference_reset_synchronizer/Q_reg[0]
  Impl DFF        implementation:/WORK/system_top/U_reference_reset_synchronizer/Q_reg[0]

  Ref  DFF        reference:/WORK/system_top/U_reference_reset_synchronizer/Q_reg[1]
  Impl DFF        implementation:/WORK/system_top/U_reference_reset_synchronizer/Q_reg[1]

  Ref  DFF        reference:/WORK/system_top/U_register_file/memory_reg[0][0]
  Impl DFF        implementation:/WORK/system_top/U_register_file/memory_reg[0][0]

  Ref  DFF        reference:/WORK/system_top/U_register_file/memory_reg[0][1]
  Impl DFF        implementation:/WORK/system_top/U_register_file/memory_reg[0][1]

  Ref  DFF        reference:/WORK/system_top/U_register_file/memory_reg[0][2]
  Impl DFF        implementation:/WORK/system_top/U_register_file/memory_reg[0][2]

  Ref  DFF        reference:/WORK/system_top/U_register_file/memory_reg[0][3]
  Impl DFF        implementation:/WORK/system_top/U_register_file/memory_reg[0][3]

  Ref  DFF        reference:/WORK/system_top/U_register_file/memory_reg[0][4]
  Impl DFF        implementation:/WORK/system_top/U_register_file/memory_reg[0][4]

  Ref  DFF        reference:/WORK/system_top/U_register_file/memory_reg[0][5]
  Impl DFF        implementation:/WORK/system_top/U_register_file/memory_reg[0][5]

  Ref  DFF        reference:/WORK/system_top/U_register_file/memory_reg[0][6]
  Impl DFF        implementation:/WORK/system_top/U_register_file/memory_reg[0][6]

  Ref  DFF        reference:/WORK/system_top/U_register_file/memory_reg[0][7]
  Impl DFF        implementation:/WORK/system_top/U_register_file/memory_reg[0][7]

  Ref  DFF        reference:/WORK/system_top/U_register_file/memory_reg[10][0]
  Impl DFF        implementation:/WORK/system_top/U_register_file/memory_reg[10][0]

  Ref  DFF        reference:/WORK/system_top/U_register_file/memory_reg[10][1]
  Impl DFF        implementation:/WORK/system_top/U_register_file/memory_reg[10][1]

  Ref  DFF        reference:/WORK/system_top/U_register_file/memory_reg[10][2]
  Impl DFF        implementation:/WORK/system_top/U_register_file/memory_reg[10][2]

  Ref  DFF        reference:/WORK/system_top/U_register_file/memory_reg[10][3]
  Impl DFF        implementation:/WORK/system_top/U_register_file/memory_reg[10][3]

  Ref  DFF        reference:/WORK/system_top/U_register_file/memory_reg[10][4]
  Impl DFF        implementation:/WORK/system_top/U_register_file/memory_reg[10][4]

  Ref  DFF        reference:/WORK/system_top/U_register_file/memory_reg[10][5]
  Impl DFF        implementation:/WORK/system_top/U_register_file/memory_reg[10][5]

  Ref  DFF        reference:/WORK/system_top/U_register_file/memory_reg[10][6]
  Impl DFF        implementation:/WORK/system_top/U_register_file/memory_reg[10][6]

  Ref  DFF        reference:/WORK/system_top/U_register_file/memory_reg[10][7]
  Impl DFF        implementation:/WORK/system_top/U_register_file/memory_reg[10][7]

  Ref  DFF        reference:/WORK/system_top/U_register_file/memory_reg[11][0]
  Impl DFF        implementation:/WORK/system_top/U_register_file/memory_reg[11][0]

  Ref  DFF        reference:/WORK/system_top/U_register_file/memory_reg[11][1]
  Impl DFF        implementation:/WORK/system_top/U_register_file/memory_reg[11][1]

  Ref  DFF        reference:/WORK/system_top/U_register_file/memory_reg[11][2]
  Impl DFF        implementation:/WORK/system_top/U_register_file/memory_reg[11][2]

  Ref  DFF        reference:/WORK/system_top/U_register_file/memory_reg[11][3]
  Impl DFF        implementation:/WORK/system_top/U_register_file/memory_reg[11][3]

  Ref  DFF        reference:/WORK/system_top/U_register_file/memory_reg[11][4]
  Impl DFF        implementation:/WORK/system_top/U_register_file/memory_reg[11][4]

  Ref  DFF        reference:/WORK/system_top/U_register_file/memory_reg[11][5]
  Impl DFF        implementation:/WORK/system_top/U_register_file/memory_reg[11][5]

  Ref  DFF        reference:/WORK/system_top/U_register_file/memory_reg[11][6]
  Impl DFF        implementation:/WORK/system_top/U_register_file/memory_reg[11][6]

  Ref  DFF        reference:/WORK/system_top/U_register_file/memory_reg[11][7]
  Impl DFF        implementation:/WORK/system_top/U_register_file/memory_reg[11][7]

  Ref  DFF        reference:/WORK/system_top/U_register_file/memory_reg[12][0]
  Impl DFF        implementation:/WORK/system_top/U_register_file/memory_reg[12][0]

  Ref  DFF        reference:/WORK/system_top/U_register_file/memory_reg[12][1]
  Impl DFF        implementation:/WORK/system_top/U_register_file/memory_reg[12][1]

  Ref  DFF        reference:/WORK/system_top/U_register_file/memory_reg[12][2]
  Impl DFF        implementation:/WORK/system_top/U_register_file/memory_reg[12][2]

  Ref  DFF        reference:/WORK/system_top/U_register_file/memory_reg[12][3]
  Impl DFF        implementation:/WORK/system_top/U_register_file/memory_reg[12][3]

  Ref  DFF        reference:/WORK/system_top/U_register_file/memory_reg[12][4]
  Impl DFF        implementation:/WORK/system_top/U_register_file/memory_reg[12][4]

  Ref  DFF        reference:/WORK/system_top/U_register_file/memory_reg[12][5]
  Impl DFF        implementation:/WORK/system_top/U_register_file/memory_reg[12][5]

  Ref  DFF        reference:/WORK/system_top/U_register_file/memory_reg[12][6]
  Impl DFF        implementation:/WORK/system_top/U_register_file/memory_reg[12][6]

  Ref  DFF        reference:/WORK/system_top/U_register_file/memory_reg[12][7]
  Impl DFF        implementation:/WORK/system_top/U_register_file/memory_reg[12][7]

  Ref  DFF        reference:/WORK/system_top/U_register_file/memory_reg[13][0]
  Impl DFF        implementation:/WORK/system_top/U_register_file/memory_reg[13][0]

  Ref  DFF        reference:/WORK/system_top/U_register_file/memory_reg[13][1]
  Impl DFF        implementation:/WORK/system_top/U_register_file/memory_reg[13][1]

  Ref  DFF        reference:/WORK/system_top/U_register_file/memory_reg[13][2]
  Impl DFF        implementation:/WORK/system_top/U_register_file/memory_reg[13][2]

  Ref  DFF        reference:/WORK/system_top/U_register_file/memory_reg[13][3]
  Impl DFF        implementation:/WORK/system_top/U_register_file/memory_reg[13][3]

  Ref  DFF        reference:/WORK/system_top/U_register_file/memory_reg[13][4]
  Impl DFF        implementation:/WORK/system_top/U_register_file/memory_reg[13][4]

  Ref  DFF        reference:/WORK/system_top/U_register_file/memory_reg[13][5]
  Impl DFF        implementation:/WORK/system_top/U_register_file/memory_reg[13][5]

  Ref  DFF        reference:/WORK/system_top/U_register_file/memory_reg[13][6]
  Impl DFF        implementation:/WORK/system_top/U_register_file/memory_reg[13][6]

  Ref  DFF        reference:/WORK/system_top/U_register_file/memory_reg[13][7]
  Impl DFF        implementation:/WORK/system_top/U_register_file/memory_reg[13][7]

  Ref  DFF        reference:/WORK/system_top/U_register_file/memory_reg[14][0]
  Impl DFF        implementation:/WORK/system_top/U_register_file/memory_reg[14][0]

  Ref  DFF        reference:/WORK/system_top/U_register_file/memory_reg[14][1]
  Impl DFF        implementation:/WORK/system_top/U_register_file/memory_reg[14][1]

  Ref  DFF        reference:/WORK/system_top/U_register_file/memory_reg[14][2]
  Impl DFF        implementation:/WORK/system_top/U_register_file/memory_reg[14][2]

  Ref  DFF        reference:/WORK/system_top/U_register_file/memory_reg[14][3]
  Impl DFF        implementation:/WORK/system_top/U_register_file/memory_reg[14][3]

  Ref  DFF        reference:/WORK/system_top/U_register_file/memory_reg[14][4]
  Impl DFF        implementation:/WORK/system_top/U_register_file/memory_reg[14][4]

  Ref  DFF        reference:/WORK/system_top/U_register_file/memory_reg[14][5]
  Impl DFF        implementation:/WORK/system_top/U_register_file/memory_reg[14][5]

  Ref  DFF        reference:/WORK/system_top/U_register_file/memory_reg[14][6]
  Impl DFF        implementation:/WORK/system_top/U_register_file/memory_reg[14][6]

  Ref  DFF        reference:/WORK/system_top/U_register_file/memory_reg[14][7]
  Impl DFF        implementation:/WORK/system_top/U_register_file/memory_reg[14][7]

  Ref  DFF        reference:/WORK/system_top/U_register_file/memory_reg[15][0]
  Impl DFF        implementation:/WORK/system_top/U_register_file/memory_reg[15][0]

  Ref  DFF        reference:/WORK/system_top/U_register_file/memory_reg[15][1]
  Impl DFF        implementation:/WORK/system_top/U_register_file/memory_reg[15][1]

  Ref  DFF        reference:/WORK/system_top/U_register_file/memory_reg[15][2]
  Impl DFF        implementation:/WORK/system_top/U_register_file/memory_reg[15][2]

  Ref  DFF        reference:/WORK/system_top/U_register_file/memory_reg[15][3]
  Impl DFF        implementation:/WORK/system_top/U_register_file/memory_reg[15][3]

  Ref  DFF        reference:/WORK/system_top/U_register_file/memory_reg[15][4]
  Impl DFF        implementation:/WORK/system_top/U_register_file/memory_reg[15][4]

  Ref  DFF        reference:/WORK/system_top/U_register_file/memory_reg[15][5]
  Impl DFF        implementation:/WORK/system_top/U_register_file/memory_reg[15][5]

  Ref  DFF        reference:/WORK/system_top/U_register_file/memory_reg[15][6]
  Impl DFF        implementation:/WORK/system_top/U_register_file/memory_reg[15][6]

  Ref  DFF        reference:/WORK/system_top/U_register_file/memory_reg[15][7]
  Impl DFF        implementation:/WORK/system_top/U_register_file/memory_reg[15][7]

  Ref  DFF        reference:/WORK/system_top/U_register_file/memory_reg[1][0]
  Impl DFF        implementation:/WORK/system_top/U_register_file/memory_reg[1][0]

  Ref  DFF        reference:/WORK/system_top/U_register_file/memory_reg[1][1]
  Impl DFF        implementation:/WORK/system_top/U_register_file/memory_reg[1][1]

  Ref  DFF        reference:/WORK/system_top/U_register_file/memory_reg[1][2]
  Impl DFF        implementation:/WORK/system_top/U_register_file/memory_reg[1][2]

  Ref  DFF        reference:/WORK/system_top/U_register_file/memory_reg[1][3]
  Impl DFF        implementation:/WORK/system_top/U_register_file/memory_reg[1][3]

  Ref  DFF        reference:/WORK/system_top/U_register_file/memory_reg[1][4]
  Impl DFF        implementation:/WORK/system_top/U_register_file/memory_reg[1][4]

  Ref  DFF        reference:/WORK/system_top/U_register_file/memory_reg[1][5]
  Impl DFF        implementation:/WORK/system_top/U_register_file/memory_reg[1][5]

  Ref  DFF        reference:/WORK/system_top/U_register_file/memory_reg[1][6]
  Impl DFF        implementation:/WORK/system_top/U_register_file/memory_reg[1][6]

  Ref  DFF        reference:/WORK/system_top/U_register_file/memory_reg[1][7]
  Impl DFF        implementation:/WORK/system_top/U_register_file/memory_reg[1][7]

  Ref  DFF        reference:/WORK/system_top/U_register_file/memory_reg[2][0]
  Impl DFF        implementation:/WORK/system_top/U_register_file/memory_reg[2][0]

  Ref  DFF        reference:/WORK/system_top/U_register_file/memory_reg[2][1]
  Impl DFF        implementation:/WORK/system_top/U_register_file/memory_reg[2][1]

  Ref  DFF        reference:/WORK/system_top/U_register_file/memory_reg[2][2]
  Impl DFF        implementation:/WORK/system_top/U_register_file/memory_reg[2][2]

  Ref  DFF        reference:/WORK/system_top/U_register_file/memory_reg[2][3]
  Impl DFF        implementation:/WORK/system_top/U_register_file/memory_reg[2][3]

  Ref  DFF        reference:/WORK/system_top/U_register_file/memory_reg[2][4]
  Impl DFF        implementation:/WORK/system_top/U_register_file/memory_reg[2][4]

  Ref  DFF        reference:/WORK/system_top/U_register_file/memory_reg[2][5]
  Impl DFF        implementation:/WORK/system_top/U_register_file/memory_reg[2][5]

  Ref  DFF        reference:/WORK/system_top/U_register_file/memory_reg[2][6]
  Impl DFF        implementation:/WORK/system_top/U_register_file/memory_reg[2][6]

  Ref  DFF        reference:/WORK/system_top/U_register_file/memory_reg[2][7]
  Impl DFF        implementation:/WORK/system_top/U_register_file/memory_reg[2][7]

  Ref  DFF        reference:/WORK/system_top/U_register_file/memory_reg[3][0]
  Impl DFF        implementation:/WORK/system_top/U_register_file/memory_reg[3][0]

  Ref  DFF        reference:/WORK/system_top/U_register_file/memory_reg[3][1]
  Impl DFF        implementation:/WORK/system_top/U_register_file/memory_reg[3][1]

  Ref  DFF        reference:/WORK/system_top/U_register_file/memory_reg[3][2]
  Impl DFF        implementation:/WORK/system_top/U_register_file/memory_reg[3][2]

  Ref  DFF        reference:/WORK/system_top/U_register_file/memory_reg[3][3]
  Impl DFF        implementation:/WORK/system_top/U_register_file/memory_reg[3][3]

  Ref  DFF        reference:/WORK/system_top/U_register_file/memory_reg[3][4]
  Impl DFF        implementation:/WORK/system_top/U_register_file/memory_reg[3][4]

  Ref  DFF        reference:/WORK/system_top/U_register_file/memory_reg[3][5]
  Impl DFF        implementation:/WORK/system_top/U_register_file/memory_reg[3][5]

  Ref  DFF        reference:/WORK/system_top/U_register_file/memory_reg[3][6]
  Impl DFF        implementation:/WORK/system_top/U_register_file/memory_reg[3][6]

  Ref  DFF        reference:/WORK/system_top/U_register_file/memory_reg[3][7]
  Impl DFF        implementation:/WORK/system_top/U_register_file/memory_reg[3][7]

  Ref  DFF        reference:/WORK/system_top/U_register_file/memory_reg[4][0]
  Impl DFF        implementation:/WORK/system_top/U_register_file/memory_reg[4][0]

  Ref  DFF        reference:/WORK/system_top/U_register_file/memory_reg[4][1]
  Impl DFF        implementation:/WORK/system_top/U_register_file/memory_reg[4][1]

  Ref  DFF        reference:/WORK/system_top/U_register_file/memory_reg[4][2]
  Impl DFF        implementation:/WORK/system_top/U_register_file/memory_reg[4][2]

  Ref  DFF        reference:/WORK/system_top/U_register_file/memory_reg[4][3]
  Impl DFF        implementation:/WORK/system_top/U_register_file/memory_reg[4][3]

  Ref  DFF        reference:/WORK/system_top/U_register_file/memory_reg[4][4]
  Impl DFF        implementation:/WORK/system_top/U_register_file/memory_reg[4][4]

  Ref  DFF        reference:/WORK/system_top/U_register_file/memory_reg[4][5]
  Impl DFF        implementation:/WORK/system_top/U_register_file/memory_reg[4][5]

  Ref  DFF        reference:/WORK/system_top/U_register_file/memory_reg[4][6]
  Impl DFF        implementation:/WORK/system_top/U_register_file/memory_reg[4][6]

  Ref  DFF        reference:/WORK/system_top/U_register_file/memory_reg[4][7]
  Impl DFF        implementation:/WORK/system_top/U_register_file/memory_reg[4][7]

  Ref  DFF        reference:/WORK/system_top/U_register_file/memory_reg[5][0]
  Impl DFF        implementation:/WORK/system_top/U_register_file/memory_reg[5][0]

  Ref  DFF        reference:/WORK/system_top/U_register_file/memory_reg[5][1]
  Impl DFF        implementation:/WORK/system_top/U_register_file/memory_reg[5][1]

  Ref  DFF        reference:/WORK/system_top/U_register_file/memory_reg[5][2]
  Impl DFF        implementation:/WORK/system_top/U_register_file/memory_reg[5][2]

  Ref  DFF        reference:/WORK/system_top/U_register_file/memory_reg[5][3]
  Impl DFF        implementation:/WORK/system_top/U_register_file/memory_reg[5][3]

  Ref  DFF        reference:/WORK/system_top/U_register_file/memory_reg[5][4]
  Impl DFF        implementation:/WORK/system_top/U_register_file/memory_reg[5][4]

  Ref  DFF        reference:/WORK/system_top/U_register_file/memory_reg[5][5]
  Impl DFF        implementation:/WORK/system_top/U_register_file/memory_reg[5][5]

  Ref  DFF        reference:/WORK/system_top/U_register_file/memory_reg[5][6]
  Impl DFF        implementation:/WORK/system_top/U_register_file/memory_reg[5][6]

  Ref  DFF        reference:/WORK/system_top/U_register_file/memory_reg[5][7]
  Impl DFF        implementation:/WORK/system_top/U_register_file/memory_reg[5][7]

  Ref  DFF        reference:/WORK/system_top/U_register_file/memory_reg[6][0]
  Impl DFF        implementation:/WORK/system_top/U_register_file/memory_reg[6][0]

  Ref  DFF        reference:/WORK/system_top/U_register_file/memory_reg[6][1]
  Impl DFF        implementation:/WORK/system_top/U_register_file/memory_reg[6][1]

  Ref  DFF        reference:/WORK/system_top/U_register_file/memory_reg[6][2]
  Impl DFF        implementation:/WORK/system_top/U_register_file/memory_reg[6][2]

  Ref  DFF        reference:/WORK/system_top/U_register_file/memory_reg[6][3]
  Impl DFF        implementation:/WORK/system_top/U_register_file/memory_reg[6][3]

  Ref  DFF        reference:/WORK/system_top/U_register_file/memory_reg[6][4]
  Impl DFF        implementation:/WORK/system_top/U_register_file/memory_reg[6][4]

  Ref  DFF        reference:/WORK/system_top/U_register_file/memory_reg[6][5]
  Impl DFF        implementation:/WORK/system_top/U_register_file/memory_reg[6][5]

  Ref  DFF        reference:/WORK/system_top/U_register_file/memory_reg[6][6]
  Impl DFF        implementation:/WORK/system_top/U_register_file/memory_reg[6][6]

  Ref  DFF        reference:/WORK/system_top/U_register_file/memory_reg[6][7]
  Impl DFF        implementation:/WORK/system_top/U_register_file/memory_reg[6][7]

  Ref  DFF        reference:/WORK/system_top/U_register_file/memory_reg[7][0]
  Impl DFF        implementation:/WORK/system_top/U_register_file/memory_reg[7][0]

  Ref  DFF        reference:/WORK/system_top/U_register_file/memory_reg[7][1]
  Impl DFF        implementation:/WORK/system_top/U_register_file/memory_reg[7][1]

  Ref  DFF        reference:/WORK/system_top/U_register_file/memory_reg[7][2]
  Impl DFF        implementation:/WORK/system_top/U_register_file/memory_reg[7][2]

  Ref  DFF        reference:/WORK/system_top/U_register_file/memory_reg[7][3]
  Impl DFF        implementation:/WORK/system_top/U_register_file/memory_reg[7][3]

  Ref  DFF        reference:/WORK/system_top/U_register_file/memory_reg[7][4]
  Impl DFF        implementation:/WORK/system_top/U_register_file/memory_reg[7][4]

  Ref  DFF        reference:/WORK/system_top/U_register_file/memory_reg[7][5]
  Impl DFF        implementation:/WORK/system_top/U_register_file/memory_reg[7][5]

  Ref  DFF        reference:/WORK/system_top/U_register_file/memory_reg[7][6]
  Impl DFF        implementation:/WORK/system_top/U_register_file/memory_reg[7][6]

  Ref  DFF        reference:/WORK/system_top/U_register_file/memory_reg[7][7]
  Impl DFF        implementation:/WORK/system_top/U_register_file/memory_reg[7][7]

  Ref  DFF        reference:/WORK/system_top/U_register_file/memory_reg[8][0]
  Impl DFF        implementation:/WORK/system_top/U_register_file/memory_reg[8][0]

  Ref  DFF        reference:/WORK/system_top/U_register_file/memory_reg[8][1]
  Impl DFF        implementation:/WORK/system_top/U_register_file/memory_reg[8][1]

  Ref  DFF        reference:/WORK/system_top/U_register_file/memory_reg[8][2]
  Impl DFF        implementation:/WORK/system_top/U_register_file/memory_reg[8][2]

  Ref  DFF        reference:/WORK/system_top/U_register_file/memory_reg[8][3]
  Impl DFF        implementation:/WORK/system_top/U_register_file/memory_reg[8][3]

  Ref  DFF        reference:/WORK/system_top/U_register_file/memory_reg[8][4]
  Impl DFF        implementation:/WORK/system_top/U_register_file/memory_reg[8][4]

  Ref  DFF        reference:/WORK/system_top/U_register_file/memory_reg[8][5]
  Impl DFF        implementation:/WORK/system_top/U_register_file/memory_reg[8][5]

  Ref  DFF        reference:/WORK/system_top/U_register_file/memory_reg[8][6]
  Impl DFF        implementation:/WORK/system_top/U_register_file/memory_reg[8][6]

  Ref  DFF        reference:/WORK/system_top/U_register_file/memory_reg[8][7]
  Impl DFF        implementation:/WORK/system_top/U_register_file/memory_reg[8][7]

  Ref  DFF        reference:/WORK/system_top/U_register_file/memory_reg[9][0]
  Impl DFF        implementation:/WORK/system_top/U_register_file/memory_reg[9][0]

  Ref  DFF        reference:/WORK/system_top/U_register_file/memory_reg[9][1]
  Impl DFF        implementation:/WORK/system_top/U_register_file/memory_reg[9][1]

  Ref  DFF        reference:/WORK/system_top/U_register_file/memory_reg[9][2]
  Impl DFF        implementation:/WORK/system_top/U_register_file/memory_reg[9][2]

  Ref  DFF        reference:/WORK/system_top/U_register_file/memory_reg[9][3]
  Impl DFF        implementation:/WORK/system_top/U_register_file/memory_reg[9][3]

  Ref  DFF        reference:/WORK/system_top/U_register_file/memory_reg[9][4]
  Impl DFF        implementation:/WORK/system_top/U_register_file/memory_reg[9][4]

  Ref  DFF        reference:/WORK/system_top/U_register_file/memory_reg[9][5]
  Impl DFF        implementation:/WORK/system_top/U_register_file/memory_reg[9][5]

  Ref  DFF        reference:/WORK/system_top/U_register_file/memory_reg[9][6]
  Impl DFF        implementation:/WORK/system_top/U_register_file/memory_reg[9][6]

  Ref  DFF        reference:/WORK/system_top/U_register_file/memory_reg[9][7]
  Impl DFF        implementation:/WORK/system_top/U_register_file/memory_reg[9][7]

  Ref  DFF        reference:/WORK/system_top/U_register_file/read_data_reg[0]
  Impl DFF        implementation:/WORK/system_top/U_register_file/read_data_reg[0]

  Ref  DFF        reference:/WORK/system_top/U_register_file/read_data_reg[1]
  Impl DFF        implementation:/WORK/system_top/U_register_file/read_data_reg[1]

  Ref  DFF        reference:/WORK/system_top/U_register_file/read_data_reg[2]
  Impl DFF        implementation:/WORK/system_top/U_register_file/read_data_reg[2]

  Ref  DFF        reference:/WORK/system_top/U_register_file/read_data_reg[3]
  Impl DFF        implementation:/WORK/system_top/U_register_file/read_data_reg[3]

  Ref  DFF        reference:/WORK/system_top/U_register_file/read_data_reg[4]
  Impl DFF        implementation:/WORK/system_top/U_register_file/read_data_reg[4]

  Ref  DFF        reference:/WORK/system_top/U_register_file/read_data_reg[5]
  Impl DFF        implementation:/WORK/system_top/U_register_file/read_data_reg[5]

  Ref  DFF        reference:/WORK/system_top/U_register_file/read_data_reg[6]
  Impl DFF        implementation:/WORK/system_top/U_register_file/read_data_reg[6]

  Ref  DFF        reference:/WORK/system_top/U_register_file/read_data_reg[7]
  Impl DFF        implementation:/WORK/system_top/U_register_file/read_data_reg[7]

  Ref  DFF        reference:/WORK/system_top/U_register_file/read_data_valid_reg
  Impl DFF        implementation:/WORK/system_top/U_register_file/read_data_valid_reg

  Ref  DFF        reference:/WORK/system_top/U_system_controller/U_UART_receiver_controller/Q_write_address_register_reg[0]
  Impl DFF        implementation:/WORK/system_top/U_system_controller/U_UART_receiver_controller/Q_write_address_register_reg[0]

  Ref  DFF        reference:/WORK/system_top/U_system_controller/U_UART_receiver_controller/Q_write_address_register_reg[1]
  Impl DFF        implementation:/WORK/system_top/U_system_controller/U_UART_receiver_controller/Q_write_address_register_reg[1]

  Ref  DFF        reference:/WORK/system_top/U_system_controller/U_UART_receiver_controller/Q_write_address_register_reg[2]
  Impl DFF        implementation:/WORK/system_top/U_system_controller/U_UART_receiver_controller/Q_write_address_register_reg[2]

  Ref  DFF        reference:/WORK/system_top/U_system_controller/U_UART_receiver_controller/Q_write_address_register_reg[3]
  Impl DFF        implementation:/WORK/system_top/U_system_controller/U_UART_receiver_controller/Q_write_address_register_reg[3]

  Ref  DFF        reference:/WORK/system_top/U_system_controller/U_UART_receiver_controller/counter_reg[0]
  Impl DFF        implementation:/WORK/system_top/U_system_controller/U_UART_receiver_controller/counter_reg[0]

  Ref  DFF        reference:/WORK/system_top/U_system_controller/U_UART_receiver_controller/counter_reg[1]
  Impl DFF        implementation:/WORK/system_top/U_system_controller/U_UART_receiver_controller/counter_reg[1]

  Ref  DFF        reference:/WORK/system_top/U_system_controller/U_UART_receiver_controller/current_state_reg[0]
  Impl DFF        implementation:/WORK/system_top/U_system_controller/U_UART_receiver_controller/current_state_reg[0]

  Ref  DFF        reference:/WORK/system_top/U_system_controller/U_UART_receiver_controller/current_state_reg[1]
  Impl DFF        implementation:/WORK/system_top/U_system_controller/U_UART_receiver_controller/current_state_reg[1]

  Ref  DFF        reference:/WORK/system_top/U_system_controller/U_UART_receiver_controller/current_state_reg[2]
  Impl DFF        implementation:/WORK/system_top/U_system_controller/U_UART_receiver_controller/current_state_reg[2]

  Ref  DFF        reference:/WORK/system_top/U_system_controller/U_UART_transmitter_controller/UART_receiver_controller_enable_reg
  Impl DFF        implementation:/WORK/system_top/U_system_controller/U_UART_transmitter_controller/UART_receiver_controller_enable_reg

  Ref  DFF        reference:/WORK/system_top/U_system_controller/U_UART_transmitter_controller/current_state_reg[0]
  Impl DFF        implementation:/WORK/system_top/U_system_controller/U_UART_transmitter_controller/current_state_reg[0]

  Ref  DFF        reference:/WORK/system_top/U_system_controller/U_UART_transmitter_controller/current_state_reg[1]
  Impl DFF        implementation:/WORK/system_top/U_system_controller/U_UART_transmitter_controller/current_state_reg[1]

  Ref  DFF        reference:/WORK/system_top/U_system_controller/U_UART_transmitter_controller/current_state_reg[2]
  Impl DFF        implementation:/WORK/system_top/U_system_controller/U_UART_transmitter_controller/current_state_reg[2]

  Ref  DFF        reference:/WORK/system_top/U_system_controller/U_UART_transmitter_controller/message_reg[0]
  Impl DFF        implementation:/WORK/system_top/U_system_controller/U_UART_transmitter_controller/message_reg[0]

  Ref  DFF        reference:/WORK/system_top/U_system_controller/U_UART_transmitter_controller/message_reg[10]
  Impl DFF        implementation:/WORK/system_top/U_system_controller/U_UART_transmitter_controller/message_reg[10]

  Ref  DFF        reference:/WORK/system_top/U_system_controller/U_UART_transmitter_controller/message_reg[11]
  Impl DFF        implementation:/WORK/system_top/U_system_controller/U_UART_transmitter_controller/message_reg[11]

  Ref  DFF        reference:/WORK/system_top/U_system_controller/U_UART_transmitter_controller/message_reg[12]
  Impl DFF        implementation:/WORK/system_top/U_system_controller/U_UART_transmitter_controller/message_reg[12]

  Ref  DFF        reference:/WORK/system_top/U_system_controller/U_UART_transmitter_controller/message_reg[13]
  Impl DFF        implementation:/WORK/system_top/U_system_controller/U_UART_transmitter_controller/message_reg[13]

  Ref  DFF        reference:/WORK/system_top/U_system_controller/U_UART_transmitter_controller/message_reg[14]
  Impl DFF        implementation:/WORK/system_top/U_system_controller/U_UART_transmitter_controller/message_reg[14]

  Ref  DFF        reference:/WORK/system_top/U_system_controller/U_UART_transmitter_controller/message_reg[15]
  Impl DFF        implementation:/WORK/system_top/U_system_controller/U_UART_transmitter_controller/message_reg[15]

  Ref  DFF        reference:/WORK/system_top/U_system_controller/U_UART_transmitter_controller/message_reg[1]
  Impl DFF        implementation:/WORK/system_top/U_system_controller/U_UART_transmitter_controller/message_reg[1]

  Ref  DFF        reference:/WORK/system_top/U_system_controller/U_UART_transmitter_controller/message_reg[2]
  Impl DFF        implementation:/WORK/system_top/U_system_controller/U_UART_transmitter_controller/message_reg[2]

  Ref  DFF        reference:/WORK/system_top/U_system_controller/U_UART_transmitter_controller/message_reg[3]
  Impl DFF        implementation:/WORK/system_top/U_system_controller/U_UART_transmitter_controller/message_reg[3]

  Ref  DFF        reference:/WORK/system_top/U_system_controller/U_UART_transmitter_controller/message_reg[4]
  Impl DFF        implementation:/WORK/system_top/U_system_controller/U_UART_transmitter_controller/message_reg[4]

  Ref  DFF        reference:/WORK/system_top/U_system_controller/U_UART_transmitter_controller/message_reg[5]
  Impl DFF        implementation:/WORK/system_top/U_system_controller/U_UART_transmitter_controller/message_reg[5]

  Ref  DFF        reference:/WORK/system_top/U_system_controller/U_UART_transmitter_controller/message_reg[6]
  Impl DFF        implementation:/WORK/system_top/U_system_controller/U_UART_transmitter_controller/message_reg[6]

  Ref  DFF        reference:/WORK/system_top/U_system_controller/U_UART_transmitter_controller/message_reg[7]
  Impl DFF        implementation:/WORK/system_top/U_system_controller/U_UART_transmitter_controller/message_reg[7]

  Ref  DFF        reference:/WORK/system_top/U_system_controller/U_UART_transmitter_controller/message_reg[8]
  Impl DFF        implementation:/WORK/system_top/U_system_controller/U_UART_transmitter_controller/message_reg[8]

  Ref  DFF        reference:/WORK/system_top/U_system_controller/U_UART_transmitter_controller/message_reg[9]
  Impl DFF        implementation:/WORK/system_top/U_system_controller/U_UART_transmitter_controller/message_reg[9]

  Ref  DFF        reference:/WORK/system_top/U_system_controller/U_UART_transmitter_controller/transmission_current_state_reg[0]
  Impl DFF        implementation:/WORK/system_top/U_system_controller/U_UART_transmitter_controller/transmission_current_state_reg[0]

  Ref  DFF        reference:/WORK/system_top/U_system_controller/U_UART_transmitter_controller/transmission_current_state_reg[1]
  Impl DFF        implementation:/WORK/system_top/U_system_controller/U_UART_transmitter_controller/transmission_current_state_reg[1]

  Ref  Port       reference:/WORK/system_top/frame_error
  Impl Port       implementation:/WORK/system_top/frame_error

  Ref  Port       reference:/WORK/system_top/parity_error
  Impl Port       implementation:/WORK/system_top/parity_error

  Ref  Port       reference:/WORK/system_top/serial_data_out
  Impl Port       implementation:/WORK/system_top/serial_data_out

 [BBNet: multiply-driven net
  BBPin: black-box pin
  Cut:   cut-point
  DFF:   non-constant DFF register
  DFF0:  constant 0 DFF register
  DFF1:  constant 1 DFF register
  DFFX:  constant X DFF register
  DFF0X: constrained 0X DFF register
  DFF1X: constrained 1X DFF register
  LAT:   non-constant latch register
  LAT0:  constant 0 latch register
  LAT1:  constant 1 latch register
  LATX:  constant X latch register
  LAT0X: constrained 0X latch register
  LAT1X: constrained 1X latch register
  LATCG: clock-gating latch register
  TLA:   transparent latch register
  TLA0X: transparent constrained 0X latch register
  TLA1X: transparent constrained 1X latch register
  Loop:  cycle break point
  Port:  primary (top-level) port
  Und:   undriven signal cut-point
  Unk:   unknown signal cut-point]

1
